// Jest Snapshot v1, https://goo.gl/fbAQLP

exports[`layout 是个 layout 1`] = `
<div
  className="w-ui-layout"
>
  <div
    className="w-ui-layout-header"
  >
    header
  </div>
  <div
    className="w-ui-layout-content"
  >
    content
  </div>
</div>
`;
