// Jest Snapshot v1, https://goo.gl/fbAQLP

exports[`测试 dialog confirm 1`] = `
<button
  className="w-ui-button"
  onClick={[Function]}
>
  show confirm
</button>
`;
